// Jest Snapshot v1, https://goo.gl/fbAQLP

exports[`should take a snapshot 1`] = `
<DocumentFragment>
  <header
    class="header"
  />
  <div
    class="App"
  >
    <div
      class="search-bar-container"
    >
      <div
        class="input-wrapper"
      >
        <input
          aria-label="location-input"
          placeholder="Search location...."
          type="text"
          value=""
        />
      </div>
      <div
        class="results-list"
      />
    </div>
  </div>
  <div
    class="footer"
  >
    <small
      class="copyright"
    >
      All Rights Reserved
    </small>
  </div>
</DocumentFragment>
`;
